---
en:
  nested:
    dir:
      nested:
        admin: Admin
        accounts: Accounts
        new: New
        home: Home
        new_accounts: New accounts
        create_account: Create Account
        job_jobid_jobqueue: 'Job #%{jobid} (%{jobqueue})'
